// Jest Snapshot v1, https://goo.gl/fbAQLP

exports[`tests snapshot should match snapshot 1`] = `
<div
  className="App"
>
  <div
    className="transactions"
  >
    <h3>
      Transactions:
    </h3>
    <button
      className="transactions__regenerate-btn"
      onClick={[Function]}
    >
      Regenerate Transactions Data
    </button>
    <div
      className="transactions__filters"
    >
      <div>
        <label>
          See Transactions in Month:
        </label>
        <select
          className="transactions__month-filter"
          onChange={[Function]}
          value=""
        >
          <option
            value=""
          >
            --Select a month ---
          </option>
        </select>
      </div>
      <div>
        <label>
          Customer:
        </label>
        <input
          className="transactions__search-customer"
          onChange={[Function]}
          type="text"
          value=""
        />
      </div>
    </div>
    <div
      className="transactions__table-wrapper"
    >
      <table
        className="transactions__table"
      >
        <thead>
          <tr>
            <th />
            <th>
              Customer Name
            </th>
            <th>
              Date
            </th>
            <th>
              Amount
            </th>
          </tr>
        </thead>
        <tbody />
      </table>
    </div>
  </div>
  <div
    className="rewards"
  >
    <button
      className="rewards__show-btn"
      onClick={[Function]}
    >
      Show Rewards
    </button>
  </div>
</div>
`;
